
> @trustfundx/web@1.0.0 build
> next build

   ▲ Next.js 15.1.3

   Creating an optimized production build ...
 ✓ Compiled successfully
   Linting and checking validity of types ...
   Collecting page data ...
   Generating static pages (0/24) ...
   Generating static pages (6/24) 
   Generating static pages (12/24) 
   Generating static pages (18/24) 
 ✓ Generating static pages (24/24)
   Finalizing page optimization ...
   Collecting build traces ...

Route (app)                              Size     First Load JS
┌ ○ /                                    13.8 kB         176 kB
├ ○ /_not-found                          989 B           107 kB
├ ○ /admin                               2.24 kB         149 kB
├ ○ /admin/ai                            3.13 kB         109 kB
├ ○ /admin/analytics                     108 kB          214 kB
├ ○ /admin/campaigns                     2.72 kB         154 kB
├ ƒ /admin/campaigns/[id]/edit           3.25 kB         118 kB
├ ○ /admin/campaigns/create              4.78 kB         120 kB
├ ○ /admin/dashboard                     3.76 kB         155 kB
├ ○ /admin/donations                     2.07 kB         108 kB
├ ○ /admin/login                         4.09 kB         155 kB
├ ○ /admin/security                      1.72 kB         107 kB
├ ○ /admin/settings                      4.52 kB         115 kB
├ ○ /admin/transactions                  2.76 kB         115 kB
├ ○ /auth/forgot-password                3.71 kB         208 kB
├ ○ /auth/login                          5.49 kB         210 kB
├ ○ /auth/register                       4.55 kB         209 kB
├ ○ /auth/reset-password                 4.6 kB          205 kB
├ ○ /auth/verify-email                   2.88 kB         168 kB
├ ○ /campaigns                           3.07 kB         168 kB
├ ƒ /campaigns/[id]                      3.68 kB         169 kB
├ ○ /dashboard                           6.03 kB         128 kB
├ ○ /dashboard/donations                 2.88 kB         120 kB
└ ○ /dashboard/profile                   5.99 kB         124 kB
+ First Load JS shared by all            106 kB
  ├ chunks/2855-c351b36b3839b75a.js      50.7 kB
  ├ chunks/87c73c54-a6310af45c37e91b.js  53 kB
  └ other shared chunks (total)          2.03 kB


○  (Static)   prerendered as static content
ƒ  (Dynamic)  server-rendered on demand

